Brick Kingdom L4 런타임 검증 — games/brick-kingdom/brick-kingdom_002.ent
시나리오 16 개를 각각 새 프로세스에서 실행한다.


── [0] 부팅·타이틀·HUD
  ✓ 부팅 직후 TITLE
  ✓ 목숨 3
  ✓ 점수 0
  ✓ Enter → READY → PLAYING 전이
  ✓ 시작 위치 spawnCol 3 (px=84)
  ✓ 시작 시 바닥 접지
  ✓ 타일 렌더링 동작 (stamps=45)
  ✓ 렌더 예산 이내 (stamps=45 < 250)
  ✓ lvl 행 12
  ✓ lvl 열 356
  ✓ [0] 부팅·타이틀·HUD: console error 0

── [1] 좌우 이동·걷기/달리기·관성
  ✓ PLAYING 진입
  ✓ 오른쪽 걷기 이동 (Δpx=57.1)
  ✓ 걷기 최고 속도 = WALK_MAX(2.34375) (vx=2.344)
  ✓ 오른쪽 이동 시 face=1
  ✓ 달리기가 걷기보다 빠름 (walk=57 run=80)
  ✓ 달리기 속도가 걷기 상한을 넘고 RUN_MAX(3.75) 이내 (vx=2.966)
  ✓ 반전 직후에도 관성 유지 (vx=0.60 > 0)
  ✓ 계속 누르면 방향 반전 (vx=-1.70)
  ✓ 왼쪽 이동 시 face=-1
  ✓ [1] 좌우 이동·걷기/달리기·관성: console error 0

── [2] 가변 점프 높이
  ✓ PLAYING 진입
  ✓ 짧은 점프 후 착지
  ✓ 긴 점프 후 착지
  ✓ 누른 시간에 따라 점프 높이 가변 (짧=55px 길=111px)
  ✓ 긴 점프 상승량 (111px)
  ✓ 착지 py 가 바닥 표면(240)에 정확히 (py=240)
  ✓ [2] 가변 점프 높이: console error 0

── [3] 좌우 벽 충돌
  ✓ PLAYING 진입
  ✓ 언덕 앞(88 열) 도달
  ✓ 오른쪽 벽에 막혀 전진 정지 (px 2200 → 2200)
  ✓ 막힌 지점 바로 앞이 벽 (wall=1, col=91)
  ✓ 벽에 막혀도 접지 유지
  ✓ 벽 충돌 시 수평 속도 소멸 (vx=0.00)
  ✗ 골 앞 계단 통과 (346 열)
  ✓ [3] 좌우 벽 충돌: console error 0

── [4] 천장 머리박기·보상 블록·벽돌 조건부 파괴·파워업
  ✓ 벽돌 줄(행 6)·보상 블록(행 6) 위치 확인
  ✓ PLAYING 진입
  ✓ BASE 파워로 시작
  ✓ BASE 상태에서는 벽돌이 부서지지 않는다
  ✓ 벽돌 파괴 카운터 0 유지
  ✗ 천장 머리박기 후 정상 착지
  ✓ 보상 블록이 사용됨(u) 상태로 전환
  ✓ 보상 블록 사용 카운터 1
  ✓ 아이템이 블록에서 등장 (활성 슬롯 1)
  ✓ 사용된 블록은 재사용 불가 (카운터 그대로 1)
  ✗ 성장 아이템 획득 (items_got=0)
  ✗ 획득 후 파워 등급 BIG(1) (got 0, expected 1)
  ✗ BIG 상태에서 벽돌 파괴 (broken=0)
  ✓ [4] 천장 머리박기·보상 블록·벽돌 조건부 파괴·파워업: console error 0

── [5] 카메라 스크롤·월드 좌표
  ✓ PLAYING 진입
  ✓ 시작 시 카메라 0
  ✓ 전진 시 카메라 스크롤 (cam_x=296)
  ✓ 전진 중 카메라가 뒤로 스크롤하지 않는다
  ✓ 월드 좌표와 카메라 좌표 분리 (px=498 cam=296)
  ✓ 되돌아 걸어도 카메라 후퇴 없음 (296 → 334)
  ✓ [5] 카메라 스크롤·월드 좌표: console error 0

── [6] 적 밟기·셸 정지·차기
  ✓ PLAYING 진입
  ✓ 적 활성화 범위 동작
  ✓ 관측 대상은 셸로 변하는 롤스톤
  ✓ 한 번 밟으면 한 번만 판정 (중복 없음)
  ✓ 밟기 점수 획득
  ✓ 밟힌 적이 셸 정지 상태(1)
  ✓ 정지한 셸의 속도 0
  ✓ 정지한 셸 차기
  ✓ 셸 차기는 피격이 아니다
  ✓ 차인 셸이 이동 상태(2)
  ✓ 차인 셸의 속도
  ✓ 차인 셸이 실제로 날아간다
  ✓ [6] 적 밟기·셸 정지·차기: console error 0

── [7] 측면 접촉 피격·사망·재시작
  ✓ PLAYING 진입
  ✓ 측면 접촉으로 피격·사망 (deaths=1)
  ✓ 사망 원인 = 적 접촉(2)
  ✓ 사망 후 자동 재시작 → PLAYING 복귀
  ✓ 사망으로 목숨 1 감소 (연출 종료 시점)
  ✓ 재시작 시 파워 초기화
  ✓ 재시작 카운터 증가
  ✓ [7] 측면 접촉 피격·사망·재시작: console error 0

── [8] 추락 사망
  ✓ PLAYING 진입
  ✓ 구멍 앞(58 열) 도달
  ✓ 구멍으로 추락 (cause=1)
  ✓ 사망 원인 = 추락(1)
  ✓ 사망 연출 중 좌표 폭주 없음 (py=283)
  ✓ [8] 추락 사망: console error 0

── [9] 고속 낙하 바닥 관통 방지
  ✓ PLAYING 진입
